// Jest Snapshot v1, https://goo.gl/fbAQLP

exports[`Animal Service When a request to post an animal is made should return the correct data 1`] = `
Array [
  Object {
    "breed": "Bengali",
    "gender": "Female",
    "id": 69,
    "name": "manchas",
    "vaccinated": true,
    "vaccines": Array [
      "Leptospirosis",
      "Parvovirus",
    ],
  },
]
`;
